// Jest Snapshot v1, https://goo.gl/fbAQLP

exports[`Button component Smoke test (Snapshot test) should Button render 1`] = `
<DocumentFragment>
  <button
    class="button cursorDefault"
    disabled=""
    style="background-color: red;"
    type="reset"
  >
    Test text
  </button>
</DocumentFragment>
`;
